------------------------------------------------------------
TimeQuest Timing Analyzer Summary
------------------------------------------------------------

Type  : Slow 1200mV 85C Model Setup 'ULA2:ulaULA|opr'
Slack : -11.200
TNS   : -142.613

Type  : Slow 1200mV 85C Model Setup 'CLOCK_50'
Slack : -10.392
TNS   : -963.655

Type  : Slow 1200mV 85C Model Setup 'lastHopeDec:dec|okBit'
Slack : -7.931
TNS   : -193.779

Type  : Slow 1200mV 85C Model Setup 'ULA2:ulaULA|out_B[0]'
Slack : -2.263
TNS   : -13.838

Type  : Slow 1200mV 85C Model Setup 'ULA2:ulaULA|out_A[0]'
Slack : -1.039
TNS   : -4.792

Type  : Slow 1200mV 85C Model Hold 'ULA2:ulaULA|opr'
Slack : -14.029
TNS   : -170.763

Type  : Slow 1200mV 85C Model Hold 'ULA2:ulaULA|out_A[0]'
Slack : -5.221
TNS   : -31.313

Type  : Slow 1200mV 85C Model Hold 'ULA2:ulaULA|out_B[0]'
Slack : -3.313
TNS   : -13.587

Type  : Slow 1200mV 85C Model Hold 'lastHopeDec:dec|okBit'
Slack : -0.640
TNS   : -0.958

Type  : Slow 1200mV 85C Model Hold 'CLOCK_50'
Slack : 0.189
TNS   : 0.000

Type  : Slow 1200mV 85C Model Minimum Pulse Width 'ULA2:ulaULA|opr'
Slack : -8.938
TNS   : -7459.770

Type  : Slow 1200mV 85C Model Minimum Pulse Width 'CLOCK_50'
Slack : -3.000
TNS   : -218.880

Type  : Slow 1200mV 85C Model Minimum Pulse Width 'lastHopeDec:dec|okBit'
Slack : -1.285
TNS   : -61.680

Type  : Slow 1200mV 85C Model Minimum Pulse Width 'ULA2:ulaULA|out_B[0]'
Slack : 0.446
TNS   : 0.000

Type  : Slow 1200mV 85C Model Minimum Pulse Width 'ULA2:ulaULA|out_A[0]'
Slack : 0.461
TNS   : 0.000

Type  : Slow 1200mV 0C Model Setup 'ULA2:ulaULA|opr'
Slack : -10.425
TNS   : -131.545

Type  : Slow 1200mV 0C Model Setup 'CLOCK_50'
Slack : -9.284
TNS   : -851.163

Type  : Slow 1200mV 0C Model Setup 'lastHopeDec:dec|okBit'
Slack : -7.114
TNS   : -175.918

Type  : Slow 1200mV 0C Model Setup 'ULA2:ulaULA|out_B[0]'
Slack : -2.178
TNS   : -13.172

Type  : Slow 1200mV 0C Model Setup 'ULA2:ulaULA|out_A[0]'
Slack : -1.005
TNS   : -4.857

Type  : Slow 1200mV 0C Model Hold 'ULA2:ulaULA|opr'
Slack : -12.717
TNS   : -154.598

Type  : Slow 1200mV 0C Model Hold 'ULA2:ulaULA|out_A[0]'
Slack : -4.632
TNS   : -27.702

Type  : Slow 1200mV 0C Model Hold 'ULA2:ulaULA|out_B[0]'
Slack : -2.986
TNS   : -11.525

Type  : Slow 1200mV 0C Model Hold 'lastHopeDec:dec|okBit'
Slack : -0.535
TNS   : -0.892

Type  : Slow 1200mV 0C Model Hold 'CLOCK_50'
Slack : 0.165
TNS   : 0.000

Type  : Slow 1200mV 0C Model Minimum Pulse Width 'ULA2:ulaULA|opr'
Slack : -7.896
TNS   : -6731.803

Type  : Slow 1200mV 0C Model Minimum Pulse Width 'CLOCK_50'
Slack : -3.000
TNS   : -218.880

Type  : Slow 1200mV 0C Model Minimum Pulse Width 'lastHopeDec:dec|okBit'
Slack : -1.285
TNS   : -61.680

Type  : Slow 1200mV 0C Model Minimum Pulse Width 'ULA2:ulaULA|out_A[0]'
Slack : 0.412
TNS   : 0.000

Type  : Slow 1200mV 0C Model Minimum Pulse Width 'ULA2:ulaULA|out_B[0]'
Slack : 0.441
TNS   : 0.000

Type  : Fast 1200mV 0C Model Setup 'ULA2:ulaULA|opr'
Slack : -5.323
TNS   : -69.456

Type  : Fast 1200mV 0C Model Setup 'CLOCK_50'
Slack : -4.693
TNS   : -389.290

Type  : Fast 1200mV 0C Model Setup 'lastHopeDec:dec|okBit'
Slack : -3.608
TNS   : -79.205

Type  : Fast 1200mV 0C Model Setup 'ULA2:ulaULA|out_B[0]'
Slack : -0.585
TNS   : -2.806

Type  : Fast 1200mV 0C Model Setup 'ULA2:ulaULA|out_A[0]'
Slack : 0.021
TNS   : 0.000

Type  : Fast 1200mV 0C Model Hold 'ULA2:ulaULA|opr'
Slack : -7.044
TNS   : -87.526

Type  : Fast 1200mV 0C Model Hold 'ULA2:ulaULA|out_A[0]'
Slack : -2.844
TNS   : -17.526

Type  : Fast 1200mV 0C Model Hold 'ULA2:ulaULA|out_B[0]'
Slack : -1.984
TNS   : -8.736

Type  : Fast 1200mV 0C Model Hold 'lastHopeDec:dec|okBit'
Slack : -0.510
TNS   : -0.899

Type  : Fast 1200mV 0C Model Hold 'CLOCK_50'
Slack : 0.161
TNS   : 0.000

Type  : Fast 1200mV 0C Model Minimum Pulse Width 'ULA2:ulaULA|opr'
Slack : -4.373
TNS   : -2966.171

Type  : Fast 1200mV 0C Model Minimum Pulse Width 'CLOCK_50'
Slack : -3.000
TNS   : -180.145

Type  : Fast 1200mV 0C Model Minimum Pulse Width 'lastHopeDec:dec|okBit'
Slack : -1.000
TNS   : -48.000

Type  : Fast 1200mV 0C Model Minimum Pulse Width 'ULA2:ulaULA|out_B[0]'
Slack : 0.340
TNS   : 0.000

Type  : Fast 1200mV 0C Model Minimum Pulse Width 'ULA2:ulaULA|out_A[0]'
Slack : 0.377
TNS   : 0.000

------------------------------------------------------------
